[brandoncjohnson.com/index.html]
[backblue.gif]
[fade.gif]
[index.html]
[brandoncjohnson.com/assets/img/favicon.ico]
[ajax.googleapis.com/ajax/libs/jquery/1.11.0/jquery.min.js]
[brandoncjohnson.com/assets/js/lib/waypoints.min.js]
[brandoncjohnson.com/assets/js/lib/jquery.easing.min.js]
[brandoncjohnson.com/assets/js/lib/modernizr-2.6.2.min.js]
[brandoncjohnson.com/assets/js/lib/respond.min.js]
[brandoncjohnson.com/assets/img/about-asteroid1.png]
[brandoncjohnson.com/assets/img/about-asteroid2.png]
[brandoncjohnson.com/assets/img/about-asteroid3.jpg]
[brandoncjohnson.com/assets/img/about-asteroid-main.png]
[brandoncjohnson.com/assets/img/interests-profile.jpg]
[brandoncjohnson.com/assets/img/grail-world.png]
[brandoncjohnson.com/index-2.html]
[www.google-analytics.com/analytics.js]
[brandoncjohnson.com/assets/js/brandon.Loader.js]
[brandoncjohnson.com/assets/js/brandon.Parallax.js]
[brandoncjohnson.com/assets/js/brandon.Navigation.js]
[brandoncjohnson.com/assets/js/brandon.js]
[brandoncjohnson.com/index.html]
[brandoncjohnson.com/assets/img/bg-hero.jpg]
[brandoncjohnson.com/assets/img/bg-hydrocode.jpg]
[brandoncjohnson.com/assets/css/main.css]
[brandoncjohnson.com/assets/css/edits.css]
[brandoncjohnson.com/assets/img/logo.svg]
[brandoncjohnson.com/assets/img/alwayson.svg]
[brandoncjohnson.com/assets/img/icon-arrow.svg]
[brandoncjohnson.com/assets/img/icon-play.svg]
[brandoncjohnson.com/assets/img/hydrocode-graph.svg]
[brandoncjohnson.com/assets/img/publications-contact.svg]
[brandoncjohnson.com/assets/img/grail-steez-ring.svg]
[brandoncjohnson.com/assets/img/grail-circle.svg]
[brandoncjohnson.com/index-2.html]
